// Jest Snapshot v1, https://goo.gl/fbAQLP

exports[`MovieCard should match the snapshot 1`] = `
<article
  className="movie-card"
>
  <Link
    to="/movies/22"
  >
    <img
      alt="movie poster"
      className="movie-poster"
      src="https:/image.some.jpg"
    />
  </Link>
  <div
    className="movie-info"
  >
    <h3
      className="movie-title"
    >
      Parasite
    </h3>
    <h4
      className="movie-rating"
    >
      AverageRating: 
      5.0
    </h4>
  </div>
</article>
`;
